import processing.core.*;
import processing.data.*;
import processing.event.*;
import processing.opengl.*;

import java.util.HashMap;
import java.util.ArrayList;
import java.io.File;
import java.io.BufferedReader;
import java.io.PrintWriter;
import java.io.InputStream;
import java.io.OutputStream;
import java.io.IOException;

public class fullscreen_arg extends PApplet {

    public void setup() {
/* size commented out by preprocessor */;

        noLoop();
    }

    public void settings() { fullScreen(FX2D, 2); }

    static public void main(String[] passedArgs) {
        String[] appletArgs = new String[] { "fullscreen_arg" };
        if (passedArgs != null) {
            PApplet.main(concat(appletArgs, passedArgs));
        } else {
            PApplet.main(appletArgs);
        }
    }
}
