import processing.core.*;
import processing.data.*;
import processing.event.*;
import processing.opengl.*;

import java.util.HashMap;
import java.util.ArrayList;
import java.io.File;
import java.io.BufferedReader;
import java.io.PrintWriter;
import java.io.InputStream;
import java.io.OutputStream;
import java.io.IOException;

public class multilinestr extends PApplet {

    public void setup() {
String testOldStyle = "line1\"\nline 2 \"\"\nline  3";
String testMultiline = "\nline4 \"\nline 5 \"\"\nline  6\nline   7";

println(testOldStyle);
println(testMultiline);

        noLoop();
    }

    static public void main(String[] passedArgs) {
        String[] appletArgs = new String[] { "multilinestr" };
        if (passedArgs != null) {
            PApplet.main(concat(appletArgs, passedArgs));
        } else {
            PApplet.main(appletArgs);
        }
    }
}
